"","X","pclass1st","pclass2nd","pclass3rd","sexfemale","sexmale","age","sibsp","parch"
"1",1,1,0,0,1,0,29,0,0
"2",2,1,0,0,0,1,0.916700006,1,2
"3",3,1,0,0,1,0,2,1,2
"4",4,1,0,0,0,1,30,1,2
"5",5,1,0,0,1,0,25,1,2
"6",6,1,0,0,0,1,48,0,0
